
> @lmstudio/ai-toolbox@1.5.34 test
> node --experimental-vm-modules node_modules/jest/bin/jest.js

  console.warn
    [AutoTracker] [THRESHOLD] Near threshold: 79.9%

    [0m [90m 231 |[39m       console[33m.[39mwarn([32m`[AutoTracker] [THRESHOLD] Check: ${usagePercentage.toFixed(2)}% effective (${currentTokens}/${maxTokens}), limit=${threshold}%`[39m)[33m;[39m
     [90m 232 |[39m     } [36melse[39m [36mif[39m ([36mthis[39m[33m.[39mcurrentState [33m===[39m [33mAutoTrackState[39m[33m.[39m[33mIDLE[39m [33m&&[39m usagePercentage [33m>=[39m threshold [33m*[39m [35m0.95[39m) {
    [31m[1m>[22m[39m[90m 233 |[39m       console[33m.[39mwarn([32m`[AutoTracker] [THRESHOLD] Near threshold: ${usagePercentage.toFixed(1)}%`[39m)[33m;[39m
     [90m     |[39m               [31m[1m^[22m[39m
     [90m 234 |[39m     }
     [90m 235 |[39m
     [90m 236 |[39m     [90m// FSM: IDLE → THRESHOLD_REACHED[39m[0m

      at AutoTracker.checkTokenThreshold (src/autoTracker.ts:233:15)
      at Object.<anonymous> (tests/autoTracker.test.ts:34:33)

  console.warn
    [AutoTracker] [THRESHOLD] Near threshold: 79.9%

    [0m [90m 231 |[39m       console[33m.[39mwarn([32m`[AutoTracker] [THRESHOLD] Check: ${usagePercentage.toFixed(2)}% effective (${currentTokens}/${maxTokens}), limit=${threshold}%`[39m)[33m;[39m
     [90m 232 |[39m     } [36melse[39m [36mif[39m ([36mthis[39m[33m.[39mcurrentState [33m===[39m [33mAutoTrackState[39m[33m.[39m[33mIDLE[39m [33m&&[39m usagePercentage [33m>=[39m threshold [33m*[39m [35m0.95[39m) {
    [31m[1m>[22m[39m[90m 233 |[39m       console[33m.[39mwarn([32m`[AutoTracker] [THRESHOLD] Near threshold: ${usagePercentage.toFixed(1)}%`[39m)[33m;[39m
     [90m     |[39m               [31m[1m^[22m[39m
     [90m 234 |[39m     }
     [90m 235 |[39m
     [90m 236 |[39m     [90m// FSM: IDLE → THRESHOLD_REACHED[39m[0m

      at AutoTracker.checkTokenThreshold (src/autoTracker.ts:233:15)
      at Object.<anonymous> (tests/autoTracker.test.ts:40:15)

  console.warn
    [AutoTracker] [THRESHOLD] Near threshold: 79.9%

    [0m [90m 231 |[39m       console[33m.[39mwarn([32m`[AutoTracker] [THRESHOLD] Check: ${usagePercentage.toFixed(2)}% effective (${currentTokens}/${maxTokens}), limit=${threshold}%`[39m)[33m;[39m
     [90m 232 |[39m     } [36melse[39m [36mif[39m ([36mthis[39m[33m.[39mcurrentState [33m===[39m [33mAutoTrackState[39m[33m.[39m[33mIDLE[39m [33m&&[39m usagePercentage [33m>=[39m threshold [33m*[39m [35m0.95[39m) {
    [31m[1m>[22m[39m[90m 233 |[39m       console[33m.[39mwarn([32m`[AutoTracker] [THRESHOLD] Near threshold: ${usagePercentage.toFixed(1)}%`[39m)[33m;[39m
     [90m     |[39m               [31m[1m^[22m[39m
     [90m 234 |[39m     }
     [90m 235 |[39m
     [90m 236 |[39m     [90m// FSM: IDLE → THRESHOLD_REACHED[39m[0m

      at AutoTracker.checkTokenThreshold (src/autoTracker.ts:233:15)
      at Object.<anonymous> (tests/autoTracker.test.ts:48:15)

  console.warn
    [AutoTracker] [THRESHOLD] Near threshold: 79.9%

    [0m [90m 231 |[39m       console[33m.[39mwarn([32m`[AutoTracker] [THRESHOLD] Check: ${usagePercentage.toFixed(2)}% effective (${currentTokens}/${maxTokens}), limit=${threshold}%`[39m)[33m;[39m
     [90m 232 |[39m     } [36melse[39m [36mif[39m ([36mthis[39m[33m.[39mcurrentState [33m===[39m [33mAutoTrackState[39m[33m.[39m[33mIDLE[39m [33m&&[39m usagePercentage [33m>=[39m threshold [33m*[39m [35m0.95[39m) {
    [31m[1m>[22m[39m[90m 233 |[39m       console[33m.[39mwarn([32m`[AutoTracker] [THRESHOLD] Near threshold: ${usagePercentage.toFixed(1)}%`[39m)[33m;[39m
     [90m     |[39m               [31m[1m^[22m[39m
     [90m 234 |[39m     }
     [90m 235 |[39m
     [90m 236 |[39m     [90m// FSM: IDLE → THRESHOLD_REACHED[39m[0m

      at AutoTracker.checkTokenThreshold (src/autoTracker.ts:233:15)
      at Object.<anonymous> (tests/autoTracker.test.ts:56:33)

  console.warn
    [AutoTracker] [THRESHOLD] Near threshold: 79.9%

    [0m [90m 231 |[39m       console[33m.[39mwarn([32m`[AutoTracker] [THRESHOLD] Check: ${usagePercentage.toFixed(2)}% effective (${currentTokens}/${maxTokens}), limit=${threshold}%`[39m)[33m;[39m
     [90m 232 |[39m     } [36melse[39m [36mif[39m ([36mthis[39m[33m.[39mcurrentState [33m===[39m [33mAutoTrackState[39m[33m.[39m[33mIDLE[39m [33m&&[39m usagePercentage [33m>=[39m threshold [33m*[39m [35m0.95[39m) {
    [31m[1m>[22m[39m[90m 233 |[39m       console[33m.[39mwarn([32m`[AutoTracker] [THRESHOLD] Near threshold: ${usagePercentage.toFixed(1)}%`[39m)[33m;[39m
     [90m     |[39m               [31m[1m^[22m[39m
     [90m 234 |[39m     }
     [90m 235 |[39m
     [90m 236 |[39m     [90m// FSM: IDLE → THRESHOLD_REACHED[39m[0m

      at AutoTracker.checkTokenThreshold (src/autoTracker.ts:233:15)
      at Object.<anonymous> (tests/autoTracker.test.ts:74:15)

  console.warn
    [AutoTracker] [THRESHOLD] Near threshold: 79.9%

    [0m [90m 231 |[39m       console[33m.[39mwarn([32m`[AutoTracker] [THRESHOLD] Check: ${usagePercentage.toFixed(2)}% effective (${currentTokens}/${maxTokens}), limit=${threshold}%`[39m)[33m;[39m
     [90m 232 |[39m     } [36melse[39m [36mif[39m ([36mthis[39m[33m.[39mcurrentState [33m===[39m [33mAutoTrackState[39m[33m.[39m[33mIDLE[39m [33m&&[39m usagePercentage [33m>=[39m threshold [33m*[39m [35m0.95[39m) {
    [31m[1m>[22m[39m[90m 233 |[39m       console[33m.[39mwarn([32m`[AutoTracker] [THRESHOLD] Near threshold: ${usagePercentage.toFixed(1)}%`[39m)[33m;[39m
     [90m     |[39m               [31m[1m^[22m[39m
     [90m 234 |[39m     }
     [90m 235 |[39m
     [90m 236 |[39m     [90m// FSM: IDLE → THRESHOLD_REACHED[39m[0m

      at AutoTracker.checkTokenThreshold (src/autoTracker.ts:233:15)
      at Object.<anonymous> (tests/autoTracker.test.ts:89:15)

  console.warn
    [AutoTracker] [THRESHOLD] Near threshold: 79.9%

    [0m [90m 231 |[39m       console[33m.[39mwarn([32m`[AutoTracker] [THRESHOLD] Check: ${usagePercentage.toFixed(2)}% effective (${currentTokens}/${maxTokens}), limit=${threshold}%`[39m)[33m;[39m
     [90m 232 |[39m     } [36melse[39m [36mif[39m ([36mthis[39m[33m.[39mcurrentState [33m===[39m [33mAutoTrackState[39m[33m.[39m[33mIDLE[39m [33m&&[39m usagePercentage [33m>=[39m threshold [33m*[39m [35m0.95[39m) {
    [31m[1m>[22m[39m[90m 233 |[39m       console[33m.[39mwarn([32m`[AutoTracker] [THRESHOLD] Near threshold: ${usagePercentage.toFixed(1)}%`[39m)[33m;[39m
     [90m     |[39m               [31m[1m^[22m[39m
     [90m 234 |[39m     }
     [90m 235 |[39m
     [90m 236 |[39m     [90m// FSM: IDLE → THRESHOLD_REACHED[39m[0m

      at AutoTracker.checkTokenThreshold (src/autoTracker.ts:233:15)
      at Object.<anonymous> (tests/autoTracker.test.ts:104:15)

  console.warn
    [AutoTracker] [THRESHOLD] Near threshold: 75.0%

    [0m [90m 231 |[39m       console[33m.[39mwarn([32m`[AutoTracker] [THRESHOLD] Check: ${usagePercentage.toFixed(2)}% effective (${currentTokens}/${maxTokens}), limit=${threshold}%`[39m)[33m;[39m
     [90m 232 |[39m     } [36melse[39m [36mif[39m ([36mthis[39m[33m.[39mcurrentState [33m===[39m [33mAutoTrackState[39m[33m.[39m[33mIDLE[39m [33m&&[39m usagePercentage [33m>=[39m threshold [33m*[39m [35m0.95[39m) {
    [31m[1m>[22m[39m[90m 233 |[39m       console[33m.[39mwarn([32m`[AutoTracker] [THRESHOLD] Near threshold: ${usagePercentage.toFixed(1)}%`[39m)[33m;[39m
     [90m     |[39m               [31m[1m^[22m[39m
     [90m 234 |[39m     }
     [90m 235 |[39m
     [90m 236 |[39m     [90m// FSM: IDLE → THRESHOLD_REACHED[39m[0m

      at AutoTracker.checkTokenThreshold (src/autoTracker.ts:233:15)
      at Object.<anonymous> (tests/autoTracker.test.ts:174:42)

  console.warn
    [AutoTracker] [THRESHOLD] Near threshold: 75.0%

    [0m [90m 231 |[39m       console[33m.[39mwarn([32m`[AutoTracker] [THRESHOLD] Check: ${usagePercentage.toFixed(2)}% effective (${currentTokens}/${maxTokens}), limit=${threshold}%`[39m)[33m;[39m
     [90m 232 |[39m     } [36melse[39m [36mif[39m ([36mthis[39m[33m.[39mcurrentState [33m===[39m [33mAutoTrackState[39m[33m.[39m[33mIDLE[39m [33m&&[39m usagePercentage [33m>=[39m threshold [33m*[39m [35m0.95[39m) {
    [31m[1m>[22m[39m[90m 233 |[39m       console[33m.[39mwarn([32m`[AutoTracker] [THRESHOLD] Near threshold: ${usagePercentage.toFixed(1)}%`[39m)[33m;[39m
     [90m     |[39m               [31m[1m^[22m[39m
     [90m 234 |[39m     }
     [90m 235 |[39m
     [90m 236 |[39m     [90m// FSM: IDLE → THRESHOLD_REACHED[39m[0m

      at AutoTracker.checkTokenThreshold (src/autoTracker.ts:233:15)
      at Object.<anonymous> (tests/autoTracker.test.ts:179:33)

  console.warn
    [AutoTracker] [THRESHOLD] Near threshold: 75.0%

    [0m [90m 231 |[39m       console[33m.[39mwarn([32m`[AutoTracker] [THRESHOLD] Check: ${usagePercentage.toFixed(2)}% effective (${currentTokens}/${maxTokens}), limit=${threshold}%`[39m)[33m;[39m
     [90m 232 |[39m     } [36melse[39m [36mif[39m ([36mthis[39m[33m.[39mcurrentState [33m===[39m [33mAutoTrackState[39m[33m.[39m[33mIDLE[39m [33m&&[39m usagePercentage [33m>=[39m threshold [33m*[39m [35m0.95[39m) {
    [31m[1m>[22m[39m[90m 233 |[39m       console[33m.[39mwarn([32m`[AutoTracker] [THRESHOLD] Near threshold: ${usagePercentage.toFixed(1)}%`[39m)[33m;[39m
     [90m     |[39m               [31m[1m^[22m[39m
     [90m 234 |[39m     }
     [90m 235 |[39m
     [90m 236 |[39m     [90m// FSM: IDLE → THRESHOLD_REACHED[39m[0m

      at AutoTracker.checkTokenThreshold (src/autoTracker.ts:233:15)
      at Object.<anonymous> (tests/autoTracker.test.ts:184:38)

  console.warn
    [AutoTracker] [THRESHOLD] Near threshold: 90.0%

    [0m [90m 231 |[39m       console[33m.[39mwarn([32m`[AutoTracker] [THRESHOLD] Check: ${usagePercentage.toFixed(2)}% effective (${currentTokens}/${maxTokens}), limit=${threshold}%`[39m)[33m;[39m
     [90m 232 |[39m     } [36melse[39m [36mif[39m ([36mthis[39m[33m.[39mcurrentState [33m===[39m [33mAutoTrackState[39m[33m.[39m[33mIDLE[39m [33m&&[39m usagePercentage [33m>=[39m threshold [33m*[39m [35m0.95[39m) {
    [31m[1m>[22m[39m[90m 233 |[39m       console[33m.[39mwarn([32m`[AutoTracker] [THRESHOLD] Near threshold: ${usagePercentage.toFixed(1)}%`[39m)[33m;[39m
     [90m     |[39m               [31m[1m^[22m[39m
     [90m 234 |[39m     }
     [90m 235 |[39m
     [90m 236 |[39m     [90m// FSM: IDLE → THRESHOLD_REACHED[39m[0m

      at AutoTracker.checkTokenThreshold (src/autoTracker.ts:233:15)
      at Object.<anonymous> (tests/autoTracker.test.ts:336:43)

  console.warn
    [AutoTracker] [THRESHOLD] Near threshold: 79.9%

    [0m [90m 231 |[39m       console[33m.[39mwarn([32m`[AutoTracker] [THRESHOLD] Check: ${usagePercentage.toFixed(2)}% effective (${currentTokens}/${maxTokens}), limit=${threshold}%`[39m)[33m;[39m
     [90m 232 |[39m     } [36melse[39m [36mif[39m ([36mthis[39m[33m.[39mcurrentState [33m===[39m [33mAutoTrackState[39m[33m.[39m[33mIDLE[39m [33m&&[39m usagePercentage [33m>=[39m threshold [33m*[39m [35m0.95[39m) {
    [31m[1m>[22m[39m[90m 233 |[39m       console[33m.[39mwarn([32m`[AutoTracker] [THRESHOLD] Near threshold: ${usagePercentage.toFixed(1)}%`[39m)[33m;[39m
     [90m     |[39m               [31m[1m^[22m[39m
     [90m 234 |[39m     }
     [90m 235 |[39m
     [90m 236 |[39m     [90m// FSM: IDLE → THRESHOLD_REACHED[39m[0m

      at AutoTracker.checkTokenThreshold (src/autoTracker.ts:233:15)
      at Object.<anonymous> (tests/autoTracker.test.ts:400:15)

  console.warn
    [AutoTracker] [THRESHOLD] Near threshold: 84.9%

    [0m [90m 231 |[39m       console[33m.[39mwarn([32m`[AutoTracker] [THRESHOLD] Check: ${usagePercentage.toFixed(2)}% effective (${currentTokens}/${maxTokens}), limit=${threshold}%`[39m)[33m;[39m
     [90m 232 |[39m     } [36melse[39m [36mif[39m ([36mthis[39m[33m.[39mcurrentState [33m===[39m [33mAutoTrackState[39m[33m.[39m[33mIDLE[39m [33m&&[39m usagePercentage [33m>=[39m threshold [33m*[39m [35m0.95[39m) {
    [31m[1m>[22m[39m[90m 233 |[39m       console[33m.[39mwarn([32m`[AutoTracker] [THRESHOLD] Near threshold: ${usagePercentage.toFixed(1)}%`[39m)[33m;[39m
     [90m     |[39m               [31m[1m^[22m[39m
     [90m 234 |[39m     }
     [90m 235 |[39m
     [90m 236 |[39m     [90m// FSM: IDLE → THRESHOLD_REACHED[39m[0m

      at AutoTracker.checkTokenThreshold (src/autoTracker.ts:233:15)
      at AutoTracker.checkAndSaveTokenThreshold (src/autoTracker.ts:465:37)
      at Object.<anonymous> (tests/autoTracker.test.ts:415:36)

  console.warn
    [AutoTracker] [THRESHOLD] Near threshold: 84.9%

    [0m [90m 231 |[39m       console[33m.[39mwarn([32m`[AutoTracker] [THRESHOLD] Check: ${usagePercentage.toFixed(2)}% effective (${currentTokens}/${maxTokens}), limit=${threshold}%`[39m)[33m;[39m
     [90m 232 |[39m     } [36melse[39m [36mif[39m ([36mthis[39m[33m.[39mcurrentState [33m===[39m [33mAutoTrackState[39m[33m.[39m[33mIDLE[39m [33m&&[39m usagePercentage [33m>=[39m threshold [33m*[39m [35m0.95[39m) {
    [31m[1m>[22m[39m[90m 233 |[39m       console[33m.[39mwarn([32m`[AutoTracker] [THRESHOLD] Near threshold: ${usagePercentage.toFixed(1)}%`[39m)[33m;[39m
     [90m     |[39m               [31m[1m^[22m[39m
     [90m 234 |[39m     }
     [90m 235 |[39m
     [90m 236 |[39m     [90m// FSM: IDLE → THRESHOLD_REACHED[39m[0m

      at AutoTracker.checkTokenThreshold (src/autoTracker.ts:233:15)
      at AutoTracker.checkAndSaveTokenThreshold (src/autoTracker.ts:465:37)
      at Object.<anonymous> (tests/autoTracker.test.ts:436:43)

  console.warn
    [AutoTracker] [THRESHOLD] Near threshold: 84.9%

    [0m [90m 231 |[39m       console[33m.[39mwarn([32m`[AutoTracker] [THRESHOLD] Check: ${usagePercentage.toFixed(2)}% effective (${currentTokens}/${maxTokens}), limit=${threshold}%`[39m)[33m;[39m
     [90m 232 |[39m     } [36melse[39m [36mif[39m ([36mthis[39m[33m.[39mcurrentState [33m===[39m [33mAutoTrackState[39m[33m.[39m[33mIDLE[39m [33m&&[39m usagePercentage [33m>=[39m threshold [33m*[39m [35m0.95[39m) {
    [31m[1m>[22m[39m[90m 233 |[39m       console[33m.[39mwarn([32m`[AutoTracker] [THRESHOLD] Near threshold: ${usagePercentage.toFixed(1)}%`[39m)[33m;[39m
     [90m     |[39m               [31m[1m^[22m[39m
     [90m 234 |[39m     }
     [90m 235 |[39m
     [90m 236 |[39m     [90m// FSM: IDLE → THRESHOLD_REACHED[39m[0m

      at AutoTracker.checkTokenThreshold (src/autoTracker.ts:233:15)
      at AutoTracker.checkAndSaveTokenThreshold (src/autoTracker.ts:465:37)
      at Object.<anonymous> (tests/autoTracker.test.ts:466:36)

  console.warn
    [AutoTracker] [THRESHOLD] Near threshold: 75.0%

    [0m [90m 231 |[39m       console[33m.[39mwarn([32m`[AutoTracker] [THRESHOLD] Check: ${usagePercentage.toFixed(2)}% effective (${currentTokens}/${maxTokens}), limit=${threshold}%`[39m)[33m;[39m
     [90m 232 |[39m     } [36melse[39m [36mif[39m ([36mthis[39m[33m.[39mcurrentState [33m===[39m [33mAutoTrackState[39m[33m.[39m[33mIDLE[39m [33m&&[39m usagePercentage [33m>=[39m threshold [33m*[39m [35m0.95[39m) {
    [31m[1m>[22m[39m[90m 233 |[39m       console[33m.[39mwarn([32m`[AutoTracker] [THRESHOLD] Near threshold: ${usagePercentage.toFixed(1)}%`[39m)[33m;[39m
     [90m     |[39m               [31m[1m^[22m[39m
     [90m 234 |[39m     }
     [90m 235 |[39m
     [90m 236 |[39m     [90m// FSM: IDLE → THRESHOLD_REACHED[39m[0m

      at AutoTracker.checkTokenThreshold (src/autoTracker.ts:233:15)
      at Object.<anonymous> (tests/autoTracker.test.ts:523:48)

  console.error
    [ToolsProvider] Failed to load tools for category 'refactor': Error: Configuration error:
    
    Could not locate module ./tools/refactorCodeTools.js mapped as:
    C:\Source Code\LM Studio Plugins\ai_toolbox\tests\__mocks__\$1.ts.
    
    Please check your configuration for these entries:
    {
      "moduleNameMapper": {
        "/^\.\/tools\/(.*)\.js$/": "C:\Source Code\LM Studio Plugins\ai_toolbox\tests\__mocks__\$1.ts"
      },
      "resolver": undefined
    }
        at createNoMappedModuleFoundError (C:\Source Code\LM Studio Plugins\ai_toolbox\node_modules\jest-resolve\build\index.js:1149:17)
        at Resolver.resolveStubModuleNameAsync (C:\Source Code\LM Studio Plugins\ai_toolbox\node_modules\jest-resolve\build\index.js:1134:19)
        at runNextTicks (node:internal/process/task_queues:65:5)
        at processImmediate (node:internal/timers:472:9)
        at Resolver.getMockModuleAsync (C:\Source Code\LM Studio Plugins\ai_toolbox\node_modules\jest-resolve\build\index.js:944:28)
        at Resolver._isModuleResolvedAsync (C:\Source Code\LM Studio Plugins\ai_toolbox\node_modules\jest-resolve\build\index.js:1046:46)
        at Resolver._getAbsolutePathAsync (C:\Source Code\LM Studio Plugins\ai_toolbox\node_modules\jest-resolve\build\index.js:1025:30)
        at Resolver.getModuleIDAsync (C:\Source Code\LM Studio Plugins\ai_toolbox\node_modules\jest-resolve\build\index.js:999:26)
        at MockState.shouldMockEsmAsync (C:\Source Code\LM Studio Plugins\ai_toolbox\node_modules\jest-runtime\build\index.js:1749:22)
        at EsmLoader.resolveModule (C:\Source Code\LM Studio Plugins\ai_toolbox\node_modules\jest-runtime\build\index.js:1139:22)

    [0m [90m 100 |[39m           registrar(config[33m,[39m stateManager[33m,[39m bgCommandManager)[33m.[39mforEach((t[33m:[39m [33mTool[39m) [33m=>[39m [36mthis[39m[33m.[39mtoolMap[33m.[39m[36mset[39m(t[33m.[39mname[33m,[39m t [36mas[39m [33mTypedTool[39m))[33m;[39m
     [90m 101 |[39m         } [36mcatch[39m (err) {
    [31m[1m>[22m[39m[90m 102 |[39m           console[33m.[39merror([32m`[ToolsProvider] Failed to load tools for category '${category}':`[39m[33m,[39m err)[33m;[39m
     [90m     |[39m                   [31m[1m^[22m[39m
     [90m 103 |[39m         }
     [90m 104 |[39m       }
     [90m 105 |[39m[0m

      at src/toolsProvider.ts:102:19
      at ToolsProvider.getAvailableTools (src/toolsProvider.ts:215:5)
      at Object.<anonymous> (tests/toolsProvider.test.ts:18:19)

  console.error
    [ToolsProvider] Failed to load tools for category 'refactor': Error: Configuration error:
    
    Could not locate module ./tools/refactorCodeTools.js mapped as:
    C:\Source Code\LM Studio Plugins\ai_toolbox\tests\__mocks__\$1.ts.
    
    Please check your configuration for these entries:
    {
      "moduleNameMapper": {
        "/^\.\/tools\/(.*)\.js$/": "C:\Source Code\LM Studio Plugins\ai_toolbox\tests\__mocks__\$1.ts"
      },
      "resolver": undefined
    }
        at createNoMappedModuleFoundError (C:\Source Code\LM Studio Plugins\ai_toolbox\node_modules\jest-resolve\build\index.js:1149:17)
        at Resolver.resolveStubModuleNameAsync (C:\Source Code\LM Studio Plugins\ai_toolbox\node_modules\jest-resolve\build\index.js:1134:19)
        at runNextTicks (node:internal/process/task_queues:65:5)
        at processImmediate (node:internal/timers:472:9)
        at Resolver.getMockModuleAsync (C:\Source Code\LM Studio Plugins\ai_toolbox\node_modules\jest-resolve\build\index.js:944:28)
        at Resolver._isModuleResolvedAsync (C:\Source Code\LM Studio Plugins\ai_toolbox\node_modules\jest-resolve\build\index.js:1046:46)
        at Resolver._getAbsolutePathAsync (C:\Source Code\LM Studio Plugins\ai_toolbox\node_modules\jest-resolve\build\index.js:1025:30)
        at Resolver.getModuleIDAsync (C:\Source Code\LM Studio Plugins\ai_toolbox\node_modules\jest-resolve\build\index.js:999:26)
        at MockState.shouldMockEsmAsync (C:\Source Code\LM Studio Plugins\ai_toolbox\node_modules\jest-runtime\build\index.js:1749:22)
        at EsmLoader.resolveModule (C:\Source Code\LM Studio Plugins\ai_toolbox\node_modules\jest-runtime\build\index.js:1139:22)

    [0m [90m 100 |[39m           registrar(config[33m,[39m stateManager[33m,[39m bgCommandManager)[33m.[39mforEach((t[33m:[39m [33mTool[39m) [33m=>[39m [36mthis[39m[33m.[39mtoolMap[33m.[39m[36mset[39m(t[33m.[39mname[33m,[39m t [36mas[39m [33mTypedTool[39m))[33m;[39m
     [90m 101 |[39m         } [36mcatch[39m (err) {
    [31m[1m>[22m[39m[90m 102 |[39m           console[33m.[39merror([32m`[ToolsProvider] Failed to load tools for category '${category}':`[39m[33m,[39m err)[33m;[39m
     [90m     |[39m                   [31m[1m^[22m[39m
     [90m 103 |[39m         }
     [90m 104 |[39m       }
     [90m 105 |[39m[0m

      at src/toolsProvider.ts:102:19
      at ToolsProvider.executeTool (src/toolsProvider.ts:182:5)
      at Object.<anonymous> (tests/toolsProvider.test.ts:28:20)

  console.error
    [ToolsProvider] Failed to load tools for category 'refactor': Error: Configuration error:
    
    Could not locate module ./tools/refactorCodeTools.js mapped as:
    C:\Source Code\LM Studio Plugins\ai_toolbox\tests\__mocks__\$1.ts.
    
    Please check your configuration for these entries:
    {
      "moduleNameMapper": {
        "/^\.\/tools\/(.*)\.js$/": "C:\Source Code\LM Studio Plugins\ai_toolbox\tests\__mocks__\$1.ts"
      },
      "resolver": undefined
    }
        at createNoMappedModuleFoundError (C:\Source Code\LM Studio Plugins\ai_toolbox\node_modules\jest-resolve\build\index.js:1149:17)
        at Resolver.resolveStubModuleNameAsync (C:\Source Code\LM Studio Plugins\ai_toolbox\node_modules\jest-resolve\build\index.js:1134:19)
        at runNextTicks (node:internal/process/task_queues:65:5)
        at processImmediate (node:internal/timers:472:9)
        at Resolver.getMockModuleAsync (C:\Source Code\LM Studio Plugins\ai_toolbox\node_modules\jest-resolve\build\index.js:944:28)
        at Resolver._isModuleResolvedAsync (C:\Source Code\LM Studio Plugins\ai_toolbox\node_modules\jest-resolve\build\index.js:1046:46)
        at Resolver._getAbsolutePathAsync (C:\Source Code\LM Studio Plugins\ai_toolbox\node_modules\jest-resolve\build\index.js:1025:30)
        at Resolver.getModuleIDAsync (C:\Source Code\LM Studio Plugins\ai_toolbox\node_modules\jest-resolve\build\index.js:999:26)
        at MockState.shouldMockEsmAsync (C:\Source Code\LM Studio Plugins\ai_toolbox\node_modules\jest-runtime\build\index.js:1749:22)
        at EsmLoader.resolveModule (C:\Source Code\LM Studio Plugins\ai_toolbox\node_modules\jest-runtime\build\index.js:1139:22)

    [0m [90m 100 |[39m           registrar(config[33m,[39m stateManager[33m,[39m bgCommandManager)[33m.[39mforEach((t[33m:[39m [33mTool[39m) [33m=>[39m [36mthis[39m[33m.[39mtoolMap[33m.[39m[36mset[39m(t[33m.[39mname[33m,[39m t [36mas[39m [33mTypedTool[39m))[33m;[39m
     [90m 101 |[39m         } [36mcatch[39m (err) {
    [31m[1m>[22m[39m[90m 102 |[39m           console[33m.[39merror([32m`[ToolsProvider] Failed to load tools for category '${category}':`[39m[33m,[39m err)[33m;[39m
     [90m     |[39m                   [31m[1m^[22m[39m
     [90m 103 |[39m         }
     [90m 104 |[39m       }
     [90m 105 |[39m[0m

      at src/toolsProvider.ts:102:19
      at ToolsProvider.executeTool (src/toolsProvider.ts:182:5)
      at Object.<anonymous> (tests/toolsProvider.test.ts:34:20)

  console.error
    [ToolsProvider] Failed to load tools for category 'refactor': Error: Configuration error:
    
    Could not locate module ./tools/refactorCodeTools.js mapped as:
    C:\Source Code\LM Studio Plugins\ai_toolbox\tests\__mocks__\$1.ts.
    
    Please check your configuration for these entries:
    {
      "moduleNameMapper": {
        "/^\.\/tools\/(.*)\.js$/": "C:\Source Code\LM Studio Plugins\ai_toolbox\tests\__mocks__\$1.ts"
      },
      "resolver": undefined
    }
        at createNoMappedModuleFoundError (C:\Source Code\LM Studio Plugins\ai_toolbox\node_modules\jest-resolve\build\index.js:1149:17)
        at Resolver.resolveStubModuleNameAsync (C:\Source Code\LM Studio Plugins\ai_toolbox\node_modules\jest-resolve\build\index.js:1134:19)
        at runNextTicks (node:internal/process/task_queues:65:5)
        at processImmediate (node:internal/timers:472:9)
        at Resolver.getMockModuleAsync (C:\Source Code\LM Studio Plugins\ai_toolbox\node_modules\jest-resolve\build\index.js:944:28)
        at Resolver._isModuleResolvedAsync (C:\Source Code\LM Studio Plugins\ai_toolbox\node_modules\jest-resolve\build\index.js:1046:46)
        at Resolver._getAbsolutePathAsync (C:\Source Code\LM Studio Plugins\ai_toolbox\node_modules\jest-resolve\build\index.js:1025:30)
        at Resolver.getModuleIDAsync (C:\Source Code\LM Studio Plugins\ai_toolbox\node_modules\jest-resolve\build\index.js:999:26)
        at MockState.shouldMockEsmAsync (C:\Source Code\LM Studio Plugins\ai_toolbox\node_modules\jest-runtime\build\index.js:1749:22)
        at EsmLoader.resolveModule (C:\Source Code\LM Studio Plugins\ai_toolbox\node_modules\jest-runtime\build\index.js:1139:22)

    [0m [90m 100 |[39m           registrar(config[33m,[39m stateManager[33m,[39m bgCommandManager)[33m.[39mforEach((t[33m:[39m [33mTool[39m) [33m=>[39m [36mthis[39m[33m.[39mtoolMap[33m.[39m[36mset[39m(t[33m.[39mname[33m,[39m t [36mas[39m [33mTypedTool[39m))[33m;[39m
     [90m 101 |[39m         } [36mcatch[39m (err) {
    [31m[1m>[22m[39m[90m 102 |[39m           console[33m.[39merror([32m`[ToolsProvider] Failed to load tools for category '${category}':`[39m[33m,[39m err)[33m;[39m
     [90m     |[39m                   [31m[1m^[22m[39m
     [90m 103 |[39m         }
     [90m 104 |[39m       }
     [90m 105 |[39m[0m

      at src/toolsProvider.ts:102:19
      at ToolsProvider.executeTool (src/toolsProvider.ts:182:5)
      at Object.<anonymous> (tests/toolsProvider.test.ts:41:5)

  console.error
    [ToolsProvider] Failed to load tools for category 'refactor': Error: Configuration error:
    
    Could not locate module ./tools/refactorCodeTools.js mapped as:
    C:\Source Code\LM Studio Plugins\ai_toolbox\tests\__mocks__\$1.ts.
    
    Please check your configuration for these entries:
    {
      "moduleNameMapper": {
        "/^\.\/tools\/(.*)\.js$/": "C:\Source Code\LM Studio Plugins\ai_toolbox\tests\__mocks__\$1.ts"
      },
      "resolver": undefined
    }
        at createNoMappedModuleFoundError (C:\Source Code\LM Studio Plugins\ai_toolbox\node_modules\jest-resolve\build\index.js:1149:17)
        at Resolver.resolveStubModuleNameAsync (C:\Source Code\LM Studio Plugins\ai_toolbox\node_modules\jest-resolve\build\index.js:1134:19)
        at runNextTicks (node:internal/process/task_queues:65:5)
        at processImmediate (node:internal/timers:472:9)
        at Resolver.getMockModuleAsync (C:\Source Code\LM Studio Plugins\ai_toolbox\node_modules\jest-resolve\build\index.js:944:28)
        at Resolver._isModuleResolvedAsync (C:\Source Code\LM Studio Plugins\ai_toolbox\node_modules\jest-resolve\build\index.js:1046:46)
        at Resolver._getAbsolutePathAsync (C:\Source Code\LM Studio Plugins\ai_toolbox\node_modules\jest-resolve\build\index.js:1025:30)
        at Resolver.getModuleIDAsync (C:\Source Code\LM Studio Plugins\ai_toolbox\node_modules\jest-resolve\build\index.js:999:26)
        at MockState.shouldMockEsmAsync (C:\Source Code\LM Studio Plugins\ai_toolbox\node_modules\jest-runtime\build\index.js:1749:22)
        at EsmLoader.resolveModule (C:\Source Code\LM Studio Plugins\ai_toolbox\node_modules\jest-runtime\build\index.js:1139:22)

    [0m [90m 100 |[39m           registrar(config[33m,[39m stateManager[33m,[39m bgCommandManager)[33m.[39mforEach((t[33m:[39m [33mTool[39m) [33m=>[39m [36mthis[39m[33m.[39mtoolMap[33m.[39m[36mset[39m(t[33m.[39mname[33m,[39m t [36mas[39m [33mTypedTool[39m))[33m;[39m
     [90m 101 |[39m         } [36mcatch[39m (err) {
    [31m[1m>[22m[39m[90m 102 |[39m           console[33m.[39merror([32m`[ToolsProvider] Failed to load tools for category '${category}':`[39m[33m,[39m err)[33m;[39m
     [90m     |[39m                   [31m[1m^[22m[39m
     [90m 103 |[39m         }
     [90m 104 |[39m       }
     [90m 105 |[39m[0m

      at src/toolsProvider.ts:102:19
      at ToolsProvider.getAvailableTools (src/toolsProvider.ts:215:5)
      at Object.<anonymous> (tests/toolsProvider.test.ts:55:19)

  console.log
    Skipping symlink test — platform does not support it or requires elevated privileges.

      at Object.<anonymous> (tests/fileSearch.test.ts:182:17)

  console.log
    [DEBUG] grepSearch test - file stats: {
      isFile: true,
      isDirectory: false,
      path: 'C:\\Users\\ROOT~1.MPI\\AppData\\Local\\Temp\\ai-toolbox-filesearch-test-qzVCFV\\single.txt'
    }

      at Object.<anonymous> (tests/fileSearch.test.ts:202:15)

  console.log
    [DEBUG] grepSearch test - results count: 2

      at Object.<anonymous> (tests/fileSearch.test.ts:211:15)

  console.log
    [DEBUG] Relative path test - CWD: C:\Users\ROOT~1.MPI\AppData\Local\Temp\ai-toolbox-filesearch-test-qzVCFV

      at Object.<anonymous> (tests/fileSearch.test.ts:250:17)

  console.log
    [DEBUG] Relative path test - tempDir: C:\Users\ROOT~1.MPI\AppData\Local\Temp\ai-toolbox-filesearch-test-qzVCFV

      at Object.<anonymous> (tests/fileSearch.test.ts:251:17)

  console.log
    [DEBUG] Relative path test - results count: 1

      at Object.<anonymous> (tests/fileSearch.test.ts:255:17)

  console.warn
    [WorkingDir] Reset to plugin root: C:\Source Code\LM Studio Plugins\ai_toolbox

    [0m [90m 90 |[39m   currentWorkingDir [33m=[39m [33mBASE_DIR[39m[33m;[39m
     [90m 91 |[39m   saveState({ workingDir[33m:[39m undefined })[33m;[39m [90m// Clear persisted state[39m
    [31m[1m>[22m[39m[90m 92 |[39m   console[33m.[39mwarn([32m`[WorkingDir] Reset to plugin root: ${BASE_DIR}`[39m)[33m;[39m
     [90m    |[39m           [31m[1m^[22m[39m
     [90m 93 |[39m }
     [90m 94 |[39m
     [90m 95 |[39m [90m/** Resolve a user-provided path against the current working directory */[39m[0m

      at resetWorkingDir (src/workingDir.ts:92:11)
      at Object.<anonymous> (tests/workingDir.test.ts:31:20)

  console.warn
    [WorkingDir] Reset to plugin root: C:\Source Code\LM Studio Plugins\ai_toolbox

    [0m [90m 90 |[39m   currentWorkingDir [33m=[39m [33mBASE_DIR[39m[33m;[39m
     [90m 91 |[39m   saveState({ workingDir[33m:[39m undefined })[33m;[39m [90m// Clear persisted state[39m
    [31m[1m>[22m[39m[90m 92 |[39m   console[33m.[39mwarn([32m`[WorkingDir] Reset to plugin root: ${BASE_DIR}`[39m)[33m;[39m
     [90m    |[39m           [31m[1m^[22m[39m
     [90m 93 |[39m }
     [90m 94 |[39m
     [90m 95 |[39m [90m/** Resolve a user-provided path against the current working directory */[39m[0m

      at resetWorkingDir (src/workingDir.ts:92:11)
      at Object.<anonymous> (tests/workingDir.test.ts:31:20)

  console.warn
    [WorkingDir] Reset to plugin root: C:\Source Code\LM Studio Plugins\ai_toolbox

    [0m [90m 90 |[39m   currentWorkingDir [33m=[39m [33mBASE_DIR[39m[33m;[39m
     [90m 91 |[39m   saveState({ workingDir[33m:[39m undefined })[33m;[39m [90m// Clear persisted state[39m
    [31m[1m>[22m[39m[90m 92 |[39m   console[33m.[39mwarn([32m`[WorkingDir] Reset to plugin root: ${BASE_DIR}`[39m)[33m;[39m
     [90m    |[39m           [31m[1m^[22m[39m
     [90m 93 |[39m }
     [90m 94 |[39m
     [90m 95 |[39m [90m/** Resolve a user-provided path against the current working directory */[39m[0m

      at resetWorkingDir (src/workingDir.ts:92:11)
      at Object.<anonymous> (tests/workingDir.test.ts:31:20)

  console.warn
    [WorkingDir] Persisted new working directory: C:\Users\ROOT~1.MPI\AppData\Local\Temp\ai-toolbox-test-LTlspr

    [0m [90m 78 |[39m   [90m// PERSIST the change to disk (FIX for sandbox reset issue)[39m
     [90m 79 |[39m   saveState({ workingDir[33m:[39m resolved })[33m;[39m
    [31m[1m>[22m[39m[90m 80 |[39m   console[33m.[39mwarn([32m`[WorkingDir] Persisted new working directory: ${resolved}`[39m)[33m;[39m
     [90m    |[39m           [31m[1m^[22m[39m
     [90m 81 |[39m   
     [90m 82 |[39m   [36mreturn[39m [36mtrue[39m[33m;[39m
     [90m 83 |[39m }[0m

      at setWorkingDir (src/workingDir.ts:80:11)
      at Object.<anonymous> (tests/workingDir.test.ts:50:35)

  console.warn
    [WorkingDir] Reset to plugin root: C:\Source Code\LM Studio Plugins\ai_toolbox

    [0m [90m 90 |[39m   currentWorkingDir [33m=[39m [33mBASE_DIR[39m[33m;[39m
     [90m 91 |[39m   saveState({ workingDir[33m:[39m undefined })[33m;[39m [90m// Clear persisted state[39m
    [31m[1m>[22m[39m[90m 92 |[39m   console[33m.[39mwarn([32m`[WorkingDir] Reset to plugin root: ${BASE_DIR}`[39m)[33m;[39m
     [90m    |[39m           [31m[1m^[22m[39m
     [90m 93 |[39m }
     [90m 94 |[39m
     [90m 95 |[39m [90m/** Resolve a user-provided path against the current working directory */[39m[0m

      at resetWorkingDir (src/workingDir.ts:92:11)
      at Object.<anonymous> (tests/workingDir.test.ts:31:20)

  console.warn
    setWorkingDir rejected: path does not exist — 'C:\Users\ROOT~1.MPI\AppData\Local\Temp\does-not-exist-xyz'

    [0m [90m 70 |[39m     }
     [90m 71 |[39m   } [36mcatch[39m {
    [31m[1m>[22m[39m[90m 72 |[39m     console[33m.[39mwarn([32m`setWorkingDir rejected: path does not exist — '${resolved}'`[39m)[33m;[39m
     [90m    |[39m             [31m[1m^[22m[39m
     [90m 73 |[39m     [36mreturn[39m [36mfalse[39m[33m;[39m
     [90m 74 |[39m   }
     [90m 75 |[39m[0m

      at setWorkingDir (src/workingDir.ts:72:13)
      at Object.<anonymous> (tests/workingDir.test.ts:57:35)

  console.warn
    [WorkingDir] Reset to plugin root: C:\Source Code\LM Studio Plugins\ai_toolbox

    [0m [90m 90 |[39m   currentWorkingDir [33m=[39m [33mBASE_DIR[39m[33m;[39m
     [90m 91 |[39m   saveState({ workingDir[33m:[39m undefined })[33m;[39m [90m// Clear persisted state[39m
    [31m[1m>[22m[39m[90m 92 |[39m   console[33m.[39mwarn([32m`[WorkingDir] Reset to plugin root: ${BASE_DIR}`[39m)[33m;[39m
     [90m    |[39m           [31m[1m^[22m[39m
     [90m 93 |[39m }
     [90m 94 |[39m
     [90m 95 |[39m [90m/** Resolve a user-provided path against the current working directory */[39m[0m

      at resetWorkingDir (src/workingDir.ts:92:11)
      at Object.<anonymous> (tests/workingDir.test.ts:31:20)

  console.warn
    setWorkingDir rejected: not a directory — 'C:\Users\ROOT~1.MPI\AppData\Local\Temp\ai-toolbox-test-LTlspr\test-file.txt'

    [0m [90m 66 |[39m     [36mconst[39m stats [33m=[39m fs[33m.[39mstatSync(resolved)[33m;[39m
     [90m 67 |[39m     [36mif[39m ([33m![39mstats[33m.[39misDirectory()) {
    [31m[1m>[22m[39m[90m 68 |[39m       console[33m.[39mwarn([32m`setWorkingDir rejected: not a directory — '${resolved}'`[39m)[33m;[39m
     [90m    |[39m               [31m[1m^[22m[39m
     [90m 69 |[39m       [36mreturn[39m [36mfalse[39m[33m;[39m
     [90m 70 |[39m     }
     [90m 71 |[39m   } [36mcatch[39m {[0m

      at setWorkingDir (src/workingDir.ts:68:15)
      at Object.<anonymous> (tests/workingDir.test.ts:64:35)

  console.warn
    [WorkingDir] Reset to plugin root: C:\Source Code\LM Studio Plugins\ai_toolbox

    [0m [90m 90 |[39m   currentWorkingDir [33m=[39m [33mBASE_DIR[39m[33m;[39m
     [90m 91 |[39m   saveState({ workingDir[33m:[39m undefined })[33m;[39m [90m// Clear persisted state[39m
    [31m[1m>[22m[39m[90m 92 |[39m   console[33m.[39mwarn([32m`[WorkingDir] Reset to plugin root: ${BASE_DIR}`[39m)[33m;[39m
     [90m    |[39m           [31m[1m^[22m[39m
     [90m 93 |[39m }
     [90m 94 |[39m
     [90m 95 |[39m [90m/** Resolve a user-provided path against the current working directory */[39m[0m

      at resetWorkingDir (src/workingDir.ts:92:11)
      at Object.<anonymous> (tests/workingDir.test.ts:31:20)

  console.warn
    [WorkingDir] Persisted new working directory: C:\Users\ROOT~1.MPI\AppData\Local\Temp\ai-toolbox-test-LTlspr\subdir

    [0m [90m 78 |[39m   [90m// PERSIST the change to disk (FIX for sandbox reset issue)[39m
     [90m 79 |[39m   saveState({ workingDir[33m:[39m resolved })[33m;[39m
    [31m[1m>[22m[39m[90m 80 |[39m   console[33m.[39mwarn([32m`[WorkingDir] Persisted new working directory: ${resolved}`[39m)[33m;[39m
     [90m    |[39m           [31m[1m^[22m[39m
     [90m 81 |[39m   
     [90m 82 |[39m   [36mreturn[39m [36mtrue[39m[33m;[39m
     [90m 83 |[39m }[0m

      at setWorkingDir (src/workingDir.ts:80:11)
      at Object.<anonymous> (tests/workingDir.test.ts:72:35)

  console.warn
    [WorkingDir] Reset to plugin root: C:\Source Code\LM Studio Plugins\ai_toolbox

    [0m [90m 90 |[39m   currentWorkingDir [33m=[39m [33mBASE_DIR[39m[33m;[39m
     [90m 91 |[39m   saveState({ workingDir[33m:[39m undefined })[33m;[39m [90m// Clear persisted state[39m
    [31m[1m>[22m[39m[90m 92 |[39m   console[33m.[39mwarn([32m`[WorkingDir] Reset to plugin root: ${BASE_DIR}`[39m)[33m;[39m
     [90m    |[39m           [31m[1m^[22m[39m
     [90m 93 |[39m }
     [90m 94 |[39m
     [90m 95 |[39m [90m/** Resolve a user-provided path against the current working directory */[39m[0m

      at resetWorkingDir (src/workingDir.ts:92:11)
      at Object.<anonymous> (tests/workingDir.test.ts:31:20)

  console.warn
    [WorkingDir] Persisted new working directory: C:\Users\ROOT~1.MPI\AppData\Local\Temp\ai-toolbox-test-LTlspr

    [0m [90m 78 |[39m   [90m// PERSIST the change to disk (FIX for sandbox reset issue)[39m
     [90m 79 |[39m   saveState({ workingDir[33m:[39m resolved })[33m;[39m
    [31m[1m>[22m[39m[90m 80 |[39m   console[33m.[39mwarn([32m`[WorkingDir] Persisted new working directory: ${resolved}`[39m)[33m;[39m
     [90m    |[39m           [31m[1m^[22m[39m
     [90m 81 |[39m   
     [90m 82 |[39m   [36mreturn[39m [36mtrue[39m[33m;[39m
     [90m 83 |[39m }[0m

      at setWorkingDir (src/workingDir.ts:80:11)
      at Object.<anonymous> (tests/workingDir.test.ts:80:37)

  console.warn
    [WorkingDir] Reset to plugin root: C:\Source Code\LM Studio Plugins\ai_toolbox

    [0m [90m 90 |[39m   currentWorkingDir [33m=[39m [33mBASE_DIR[39m[33m;[39m
     [90m 91 |[39m   saveState({ workingDir[33m:[39m undefined })[33m;[39m [90m// Clear persisted state[39m
    [31m[1m>[22m[39m[90m 92 |[39m   console[33m.[39mwarn([32m`[WorkingDir] Reset to plugin root: ${BASE_DIR}`[39m)[33m;[39m
     [90m    |[39m           [31m[1m^[22m[39m
     [90m 93 |[39m }
     [90m 94 |[39m
     [90m 95 |[39m [90m/** Resolve a user-provided path against the current working directory */[39m[0m

      at resetWorkingDir (src/workingDir.ts:92:11)
      at Object.<anonymous> (tests/workingDir.test.ts:31:20)

  console.warn
    [WorkingDir] Persisted new working directory: C:\Users\ROOT~1.MPI\AppData\Local\Temp\ai-toolbox-test-LTlspr

    [0m [90m 78 |[39m   [90m// PERSIST the change to disk (FIX for sandbox reset issue)[39m
     [90m 79 |[39m   saveState({ workingDir[33m:[39m resolved })[33m;[39m
    [31m[1m>[22m[39m[90m 80 |[39m   console[33m.[39mwarn([32m`[WorkingDir] Persisted new working directory: ${resolved}`[39m)[33m;[39m
     [90m    |[39m           [31m[1m^[22m[39m
     [90m 81 |[39m   
     [90m 82 |[39m   [36mreturn[39m [36mtrue[39m[33m;[39m
     [90m 83 |[39m }[0m

      at setWorkingDir (src/workingDir.ts:80:11)
      at Object.<anonymous> (tests/workingDir.test.ts:91:20)

  console.warn
    [WorkingDir] Reset to plugin root: C:\Source Code\LM Studio Plugins\ai_toolbox

    [0m [90m 90 |[39m   currentWorkingDir [33m=[39m [33mBASE_DIR[39m[33m;[39m
     [90m 91 |[39m   saveState({ workingDir[33m:[39m undefined })[33m;[39m [90m// Clear persisted state[39m
    [31m[1m>[22m[39m[90m 92 |[39m   console[33m.[39mwarn([32m`[WorkingDir] Reset to plugin root: ${BASE_DIR}`[39m)[33m;[39m
     [90m    |[39m           [31m[1m^[22m[39m
     [90m 93 |[39m }
     [90m 94 |[39m
     [90m 95 |[39m [90m/** Resolve a user-provided path against the current working directory */[39m[0m

      at resetWorkingDir (src/workingDir.ts:92:11)
      at Object.<anonymous> (tests/workingDir.test.ts:92:22)

  console.warn
    [WorkingDir] Reset to plugin root: C:\Source Code\LM Studio Plugins\ai_toolbox

    [0m [90m 90 |[39m   currentWorkingDir [33m=[39m [33mBASE_DIR[39m[33m;[39m
     [90m 91 |[39m   saveState({ workingDir[33m:[39m undefined })[33m;[39m [90m// Clear persisted state[39m
    [31m[1m>[22m[39m[90m 92 |[39m   console[33m.[39mwarn([32m`[WorkingDir] Reset to plugin root: ${BASE_DIR}`[39m)[33m;[39m
     [90m    |[39m           [31m[1m^[22m[39m
     [90m 93 |[39m }
     [90m 94 |[39m
     [90m 95 |[39m [90m/** Resolve a user-provided path against the current working directory */[39m[0m

      at resetWorkingDir (src/workingDir.ts:92:11)
      at Object.<anonymous> (tests/workingDir.test.ts:31:20)

  console.warn
    [WorkingDir] Persisted new working directory: C:\Users\ROOT~1.MPI\AppData\Local\Temp\ai-toolbox-test-LTlspr

    [0m [90m 78 |[39m   [90m// PERSIST the change to disk (FIX for sandbox reset issue)[39m
     [90m 79 |[39m   saveState({ workingDir[33m:[39m resolved })[33m;[39m
    [31m[1m>[22m[39m[90m 80 |[39m   console[33m.[39mwarn([32m`[WorkingDir] Persisted new working directory: ${resolved}`[39m)[33m;[39m
     [90m    |[39m           [31m[1m^[22m[39m
     [90m 81 |[39m   
     [90m 82 |[39m   [36mreturn[39m [36mtrue[39m[33m;[39m
     [90m 83 |[39m }[0m

      at setWorkingDir (src/workingDir.ts:80:11)
      at Object.<anonymous> (tests/workingDir.test.ts:100:20)

  console.warn
    [WorkingDir] Reset to plugin root: C:\Source Code\LM Studio Plugins\ai_toolbox

    [0m [90m 90 |[39m   currentWorkingDir [33m=[39m [33mBASE_DIR[39m[33m;[39m
     [90m 91 |[39m   saveState({ workingDir[33m:[39m undefined })[33m;[39m [90m// Clear persisted state[39m
    [31m[1m>[22m[39m[90m 92 |[39m   console[33m.[39mwarn([32m`[WorkingDir] Reset to plugin root: ${BASE_DIR}`[39m)[33m;[39m
     [90m    |[39m           [31m[1m^[22m[39m
     [90m 93 |[39m }
     [90m 94 |[39m
     [90m 95 |[39m [90m/** Resolve a user-provided path against the current working directory */[39m[0m

      at resetWorkingDir (src/workingDir.ts:92:11)
      at Object.<anonymous> (tests/workingDir.test.ts:31:20)

  console.warn
    [WorkingDir] Persisted new working directory: C:\Users\ROOT~1.MPI\AppData\Local\Temp\ai-toolbox-test-LTlspr

    [0m [90m 78 |[39m   [90m// PERSIST the change to disk (FIX for sandbox reset issue)[39m
     [90m 79 |[39m   saveState({ workingDir[33m:[39m resolved })[33m;[39m
    [31m[1m>[22m[39m[90m 80 |[39m   console[33m.[39mwarn([32m`[WorkingDir] Persisted new working directory: ${resolved}`[39m)[33m;[39m
     [90m    |[39m           [31m[1m^[22m[39m
     [90m 81 |[39m   
     [90m 82 |[39m   [36mreturn[39m [36mtrue[39m[33m;[39m
     [90m 83 |[39m }[0m

      at setWorkingDir (src/workingDir.ts:80:11)
      at Object.<anonymous> (tests/workingDir.test.ts:100:20)

  console.warn
    [WorkingDir] Reset to plugin root: C:\Source Code\LM Studio Plugins\ai_toolbox

    [0m [90m 90 |[39m   currentWorkingDir [33m=[39m [33mBASE_DIR[39m[33m;[39m
     [90m 91 |[39m   saveState({ workingDir[33m:[39m undefined })[33m;[39m [90m// Clear persisted state[39m
    [31m[1m>[22m[39m[90m 92 |[39m   console[33m.[39mwarn([32m`[WorkingDir] Reset to plugin root: ${BASE_DIR}`[39m)[33m;[39m
     [90m    |[39m           [31m[1m^[22m[39m
     [90m 93 |[39m }
     [90m 94 |[39m
     [90m 95 |[39m [90m/** Resolve a user-provided path against the current working directory */[39m[0m

      at resetWorkingDir (src/workingDir.ts:92:11)
      at Object.<anonymous> (tests/workingDir.test.ts:31:20)

  console.warn
    [WorkingDir] Persisted new working directory: C:\Users\ROOT~1.MPI\AppData\Local\Temp\ai-toolbox-test-LTlspr

    [0m [90m 78 |[39m   [90m// PERSIST the change to disk (FIX for sandbox reset issue)[39m
     [90m 79 |[39m   saveState({ workingDir[33m:[39m resolved })[33m;[39m
    [31m[1m>[22m[39m[90m 80 |[39m   console[33m.[39mwarn([32m`[WorkingDir] Persisted new working directory: ${resolved}`[39m)[33m;[39m
     [90m    |[39m           [31m[1m^[22m[39m
     [90m 81 |[39m   
     [90m 82 |[39m   [36mreturn[39m [36mtrue[39m[33m;[39m
     [90m 83 |[39m }[0m

      at setWorkingDir (src/workingDir.ts:80:11)
      at Object.<anonymous> (tests/workingDir.test.ts:100:20)

  console.warn
    [WorkingDir] Reset to plugin root: C:\Source Code\LM Studio Plugins\ai_toolbox

    [0m [90m 90 |[39m   currentWorkingDir [33m=[39m [33mBASE_DIR[39m[33m;[39m
     [90m 91 |[39m   saveState({ workingDir[33m:[39m undefined })[33m;[39m [90m// Clear persisted state[39m
    [31m[1m>[22m[39m[90m 92 |[39m   console[33m.[39mwarn([32m`[WorkingDir] Reset to plugin root: ${BASE_DIR}`[39m)[33m;[39m
     [90m    |[39m           [31m[1m^[22m[39m
     [90m 93 |[39m }
     [90m 94 |[39m
     [90m 95 |[39m [90m/** Resolve a user-provided path against the current working directory */[39m[0m

      at resetWorkingDir (src/workingDir.ts:92:11)
      at Object.<anonymous> (tests/workingDir.test.ts:31:20)

  console.warn
    [WorkingDir] Persisted new working directory: C:\Users\ROOT~1.MPI\AppData\Local\Temp\ai-toolbox-test-LTlspr

    [0m [90m 78 |[39m   [90m// PERSIST the change to disk (FIX for sandbox reset issue)[39m
     [90m 79 |[39m   saveState({ workingDir[33m:[39m resolved })[33m;[39m
    [31m[1m>[22m[39m[90m 80 |[39m   console[33m.[39mwarn([32m`[WorkingDir] Persisted new working directory: ${resolved}`[39m)[33m;[39m
     [90m    |[39m           [31m[1m^[22m[39m
     [90m 81 |[39m   
     [90m 82 |[39m   [36mreturn[39m [36mtrue[39m[33m;[39m
     [90m 83 |[39m }[0m

      at setWorkingDir (src/workingDir.ts:80:11)
      at Object.<anonymous> (tests/workingDir.test.ts:100:20)

  console.warn
    [WorkingDir] Reset to plugin root: C:\Source Code\LM Studio Plugins\ai_toolbox

    [0m [90m 90 |[39m   currentWorkingDir [33m=[39m [33mBASE_DIR[39m[33m;[39m
     [90m 91 |[39m   saveState({ workingDir[33m:[39m undefined })[33m;[39m [90m// Clear persisted state[39m
    [31m[1m>[22m[39m[90m 92 |[39m   console[33m.[39mwarn([32m`[WorkingDir] Reset to plugin root: ${BASE_DIR}`[39m)[33m;[39m
     [90m    |[39m           [31m[1m^[22m[39m
     [90m 93 |[39m }
     [90m 94 |[39m
     [90m 95 |[39m [90m/** Resolve a user-provided path against the current working directory */[39m[0m

      at resetWorkingDir (src/workingDir.ts:92:11)
      at Object.<anonymous> (tests/workingDir.test.ts:31:20)

  console.warn
    [WorkingDir] Reset to plugin root: C:\Source Code\LM Studio Plugins\ai_toolbox

    [0m [90m 90 |[39m   currentWorkingDir [33m=[39m [33mBASE_DIR[39m[33m;[39m
     [90m 91 |[39m   saveState({ workingDir[33m:[39m undefined })[33m;[39m [90m// Clear persisted state[39m
    [31m[1m>[22m[39m[90m 92 |[39m   console[33m.[39mwarn([32m`[WorkingDir] Reset to plugin root: ${BASE_DIR}`[39m)[33m;[39m
     [90m    |[39m           [31m[1m^[22m[39m
     [90m 93 |[39m }
     [90m 94 |[39m
     [90m 95 |[39m [90m/** Resolve a user-provided path against the current working directory */[39m[0m

      at resetWorkingDir (src/workingDir.ts:92:11)
      at Object.<anonymous> (tests/workingDir.test.ts:31:20)

  console.warn
    [WorkingDir] Reset to plugin root: C:\Source Code\LM Studio Plugins\ai_toolbox

    [0m [90m 90 |[39m   currentWorkingDir [33m=[39m [33mBASE_DIR[39m[33m;[39m
     [90m 91 |[39m   saveState({ workingDir[33m:[39m undefined })[33m;[39m [90m// Clear persisted state[39m
    [31m[1m>[22m[39m[90m 92 |[39m   console[33m.[39mwarn([32m`[WorkingDir] Reset to plugin root: ${BASE_DIR}`[39m)[33m;[39m
     [90m    |[39m           [31m[1m^[22m[39m
     [90m 93 |[39m }
     [90m 94 |[39m
     [90m 95 |[39m [90m/** Resolve a user-provided path against the current working directory */[39m[0m

      at resetWorkingDir (src/workingDir.ts:92:11)
      at Object.<anonymous> (tests/workingDir.test.ts:134:22)

  console.warn
    [WorkingDir] Reset to plugin root: C:\Source Code\LM Studio Plugins\ai_toolbox

    [0m [90m 90 |[39m   currentWorkingDir [33m=[39m [33mBASE_DIR[39m[33m;[39m
     [90m 91 |[39m   saveState({ workingDir[33m:[39m undefined })[33m;[39m [90m// Clear persisted state[39m
    [31m[1m>[22m[39m[90m 92 |[39m   console[33m.[39mwarn([32m`[WorkingDir] Reset to plugin root: ${BASE_DIR}`[39m)[33m;[39m
     [90m    |[39m           [31m[1m^[22m[39m
     [90m 93 |[39m }
     [90m 94 |[39m
     [90m 95 |[39m [90m/** Resolve a user-provided path against the current working directory */[39m[0m

      at resetWorkingDir (src/workingDir.ts:92:11)
      at Object.<anonymous> (tests/workingDir.test.ts:31:20)

  console.warn
    [WorkingDir] Persisted new working directory: C:\Users\ROOT~1.MPI\AppData\Local\Temp\ai-toolbox-test-LTlspr

    [0m [90m 78 |[39m   [90m// PERSIST the change to disk (FIX for sandbox reset issue)[39m
     [90m 79 |[39m   saveState({ workingDir[33m:[39m resolved })[33m;[39m
    [31m[1m>[22m[39m[90m 80 |[39m   console[33m.[39mwarn([32m`[WorkingDir] Persisted new working directory: ${resolved}`[39m)[33m;[39m
     [90m    |[39m           [31m[1m^[22m[39m
     [90m 81 |[39m   
     [90m 82 |[39m   [36mreturn[39m [36mtrue[39m[33m;[39m
     [90m 83 |[39m }[0m

      at setWorkingDir (src/workingDir.ts:80:11)
      at Object.<anonymous> (tests/workingDir.test.ts:141:20)

  console.warn
    [WorkingDir] Reset to plugin root: C:\Source Code\LM Studio Plugins\ai_toolbox

    [0m [90m 90 |[39m   currentWorkingDir [33m=[39m [33mBASE_DIR[39m[33m;[39m
     [90m 91 |[39m   saveState({ workingDir[33m:[39m undefined })[33m;[39m [90m// Clear persisted state[39m
    [31m[1m>[22m[39m[90m 92 |[39m   console[33m.[39mwarn([32m`[WorkingDir] Reset to plugin root: ${BASE_DIR}`[39m)[33m;[39m
     [90m    |[39m           [31m[1m^[22m[39m
     [90m 93 |[39m }
     [90m 94 |[39m
     [90m 95 |[39m [90m/** Resolve a user-provided path against the current working directory */[39m[0m

      at resetWorkingDir (src/workingDir.ts:92:11)
      at Object.<anonymous> (tests/workingDir.test.ts:31:20)

  console.warn
    [WorkingDir] Reset to plugin root: C:\Source Code\LM Studio Plugins\ai_toolbox

    [0m [90m 90 |[39m   currentWorkingDir [33m=[39m [33mBASE_DIR[39m[33m;[39m
     [90m 91 |[39m   saveState({ workingDir[33m:[39m undefined })[33m;[39m [90m// Clear persisted state[39m
    [31m[1m>[22m[39m[90m 92 |[39m   console[33m.[39mwarn([32m`[WorkingDir] Reset to plugin root: ${BASE_DIR}`[39m)[33m;[39m
     [90m    |[39m           [31m[1m^[22m[39m
     [90m 93 |[39m }
     [90m 94 |[39m
     [90m 95 |[39m [90m/** Resolve a user-provided path against the current working directory */[39m[0m

      at resetWorkingDir (src/workingDir.ts:92:11)
      at Object.<anonymous> (tests/workingDir.test.ts:31:20)

  console.warn
    [WorkingDir] Reset to plugin root: C:\Source Code\LM Studio Plugins\ai_toolbox

    [0m [90m 90 |[39m   currentWorkingDir [33m=[39m [33mBASE_DIR[39m[33m;[39m
     [90m 91 |[39m   saveState({ workingDir[33m:[39m undefined })[33m;[39m [90m// Clear persisted state[39m
    [31m[1m>[22m[39m[90m 92 |[39m   console[33m.[39mwarn([32m`[WorkingDir] Reset to plugin root: ${BASE_DIR}`[39m)[33m;[39m
     [90m    |[39m           [31m[1m^[22m[39m
     [90m 93 |[39m }
     [90m 94 |[39m
     [90m 95 |[39m [90m/** Resolve a user-provided path against the current working directory */[39m[0m

      at resetWorkingDir (src/workingDir.ts:92:11)
      at Object.<anonymous> (tests/workingDir.test.ts:31:20)

  console.warn
    [WorkingDir] Persisted new working directory: C:\Users\ROOT~1.MPI\AppData\Local\Temp\ai-toolbox-test-LTlspr

    [0m [90m 78 |[39m   [90m// PERSIST the change to disk (FIX for sandbox reset issue)[39m
     [90m 79 |[39m   saveState({ workingDir[33m:[39m resolved })[33m;[39m
    [31m[1m>[22m[39m[90m 80 |[39m   console[33m.[39mwarn([32m`[WorkingDir] Persisted new working directory: ${resolved}`[39m)[33m;[39m
     [90m    |[39m           [31m[1m^[22m[39m
     [90m 81 |[39m   
     [90m 82 |[39m   [36mreturn[39m [36mtrue[39m[33m;[39m
     [90m 83 |[39m }[0m

      at setWorkingDir (src/workingDir.ts:80:11)
      at Object.<anonymous> (tests/workingDir.test.ts:162:20)

  console.error
    Search engine "ddg-api" failed: Network error

    [0m [90m 151 |[39m     } [36mcatch[39m (error) {
     [90m 152 |[39m       [36mconst[39m message [33m=[39m error [36minstanceof[39m [33mError[39m [33m?[39m error[33m.[39mmessage [33m:[39m [33mString[39m(error)[33m;[39m
    [31m[1m>[22m[39m[90m 153 |[39m       console[33m.[39merror([32m`Search engine "${engine}" failed: ${message}`[39m)[33m;[39m
     [90m     |[39m               [31m[1m^[22m[39m
     [90m 154 |[39m       [90m// Try next engine in the chain[39m
     [90m 155 |[39m       [36mcontinue[39m[33m;[39m
     [90m 156 |[39m     }[0m

      at searchWithFallbackChain (src/tools/webResearchTools.ts:153:15)
      at implementation (src/tools/webResearchTools.ts:183:14)
      at Object.<anonymous> (tests/webResearchTools.test.ts:61:22)

  console.warn
    Low search results for "test": 0 results from ddg-fetch

    [0m [90m 142 |[39m       [90m// Validate result count - warn if low results[39m
     [90m 143 |[39m       [36mif[39m (results[33m.[39mlength [33m<[39m [35m2[39m) {
    [31m[1m>[22m[39m[90m 144 |[39m         console[33m.[39mwarn([32m`Low search results for "${query}": ${results.length} results from ${engine}`[39m)[33m;[39m
     [90m     |[39m                 [31m[1m^[22m[39m
     [90m 145 |[39m       }
     [90m 146 |[39m
     [90m 147 |[39m       [36mreturn[39m {[0m

      at searchWithFallbackChain (src/tools/webResearchTools.ts:144:17)
      at implementation (src/tools/webResearchTools.ts:183:14)
      at Object.<anonymous> (tests/webResearchTools.test.ts:61:22)

